// Jest Snapshot v1, https://goo.gl/fbAQLP

exports[`StageList component Renders UI with data 1`] = `
<div
  className="views-container views-container__with-sidebar"
>
  <div
    className="views-container views-container__with-sidebar"
  >
    <div>
      <p />
    </div>
    <div>
      <img />
    </div>
  </div>
  <div
    className="views-container views-container__with-sidebar"
  >
    <div>
      <p />
    </div>
    <div>
      <img />
    </div>
  </div>
</div>
`;
