// Jest Snapshot v1, https://goo.gl/fbAQLP

exports[`Participant List Component renders a list of participants 1`] = `
<div
  className="participants-list"
>
  <div
    className="session-participant"
  >
    <img
      alt="avatar"
      className="user-avatar"
      src="https://robohash.org/itaquevoluptatumrerum.jpg?size=200x200&set=set1"
    />
    <div
      className="participant-info"
    >
      <h6
        className="participant-name"
      >
        Koren Templeton
      </h6>
      <div
        className="participant-status"
      />
      <a
        href="#"
      >
        boot
      </a>
    </div>
  </div>
  <div
    className="session-participant"
  >
    <img
      alt="avatar"
      className="user-avatar"
      src="https://robohash.org/doloredolorescupiditate.jpg?size=200x200&set=set1"
    />
    <div
      className="participant-info"
    >
      <h6
        className="participant-name"
      >
        Caty Flucker
      </h6>
      <div
        className="participant-status"
      />
      <a
        href="#"
      >
        boot
      </a>
    </div>
  </div>
  <div
    className="session-participant"
  >
    <img
      alt="avatar"
      className="user-avatar"
      src="https://robohash.org/etexercitationemassumenda.jpg?size=200x200&set=set1"
    />
    <div
      className="participant-info"
    >
      <h6
        className="participant-name"
      >
        Frank Runciman
      </h6>
      <div
        className="participant-status"
      />
      <a
        href="#"
      >
        boot
      </a>
    </div>
  </div>
  <div
    className="session-participant"
  >
    <img
      alt="avatar"
      className="user-avatar"
      src="https://robohash.org/iustodoloremqueinventore.jpg?size=200x200&set=set1"
    />
    <div
      className="participant-info"
    >
      <h6
        className="participant-name"
      >
        Ashla Attwool
      </h6>
      <div
        className="participant-status"
      />
      <a
        href="#"
      >
        boot
      </a>
    </div>
  </div>
  <div
    className="session-participant"
  >
    <img
      alt="avatar"
      className="user-avatar"
      src="https://robohash.org/utlaborumfugit.jpg?size=200x200&set=set1"
    />
    <div
      className="participant-info"
    >
      <h6
        className="participant-name"
      >
        Axe Kubicka
      </h6>
      <div
        className="participant-status"
      />
      <a
        href="#"
      >
        boot
      </a>
    </div>
  </div>
</div>
`;
